******************************************************************************
                  TI ARM Linker PC v20.2.7                     
******************************************************************************
>> Linked Tue Oct  3 09:45:59 2023

OUTPUT FILE NAME:   <uartecho_MSP_EXP432E401Y_tirtos_ccs.out>
ENTRY POINT SYMBOL: "_c_int00"  address: 00005bc5


MEMORY CONFIGURATION

         name            origin    length      used     unused   attr    fill
----------------------  --------  ---------  --------  --------  ----  --------
  FLASH                 00000000   00100000  00008c0c  000f73f4  R  X
  SRAM                  20000000   00040000  00023788  0001c878  RW X


SEGMENT ALLOCATION MAP

run origin  load origin   length   init length attrs members
----------  ----------- ---------- ----------- ----- -------
00000000    00000000    00008c18   00008c18    r-x
  00000000    00000000    0000003c   0000003c    r-- .resetVecs
  00000040    00000040    00007fca   00007fca    r-x .text
  0000800c    0000800c    0000091e   0000091e    r-- .const
  00008930    00008930    000002e8   000002e8    r-- .cinit
20000360    20000360    00020000   00000000    r--
  20000360    20000360    00020000   00000000    r-- .priheap
20020360    20020360    00003028   00000000    rw-
  20020360    20020360    000029bc   00000000    rw- .bss
  20022d1c    20022d1c    0000066c   00000000    rw- .data
2003fc00    2003fc00    00000400   00000000    rw-
  2003fc00    2003fc00    00000400   00000000    rw- .stack


SECTION ALLOCATION MAP

 output                                  attributes/
section   page    origin      length       input sections
--------  ----  ----------  ----------   ----------------
.text      0    00000040    00007fca     
                  00000040    00000a4e     rtsv7M4_T_le_v4SPD16_eabi.lib : _printfi.c.obj (.text:__TI_printfi)
                  00000a8e    00000002     ti_drivers_config.obj (.text:Board_initHook)
                  00000a90    00000516     library.obj (.text:helpParse)
                  00000fa6    00000002     drivers_msp432e4.aem4f : UARTMSP432E4.oem4f (.text:UARTMSP432E4_init)
                  00000fa8    000003e0     mainThread.obj (.text:mainThread)
                  00001388    000002f0     drivers_msp432e4.aem4f : UARTMSP432E4.oem4f (.text:UARTMSP432E4_open)
                  00001678    000002a0     sysbios.aem4f : BIOS.obj (.text:ti_sysbios_family_arm_msp432e4_init_Boot_sysCtlClockFreqSetI__I)
                  00001918    00000270     rtsv7M4_T_le_v4SPD16_eabi.lib : _printfi.c.obj (.text:_pconv_a)
                  00001b88    0000026c     library.obj (.text:errorParse)
                  00001df4    0000023a     msp432e4_driverlib.a : gpio.o (.text:GPIOPadConfigSet)
                  0000202e    00000002     rtsv7M4_T_le_v4SPD16_eabi.lib : _lock.c.obj (.text:_nop)
                  00002030    00000234     library.obj (.text:memoryReadParse)
                  00002264    000001d0     rtsv7M4_T_le_v4SPD16_eabi.lib : _printfi.c.obj (.text:_pconv_g)
                  00002434    000001b6                                   : fd_add_t2.asm.obj (.text)
                  000025ea    00000002                                   : div0.asm.obj (.text)
                  000025ec    0000018c     library.obj (.text:gpioParse)
                  00002778    00000184     drivers_msp432e4.aem4f : GPIOMSP432E4.oem4f (.text:GPIO_setConfig)
                  000028fc    00000004     dpl_msp432e4.aem4f : ClockP_tirtos.oem4f (.text:ClockP_getCpuFreq)
                  00002900    00000154     sysbios.aem4f : BIOS.obj (.text:ti_sysbios_knl_Task_Instance_finalize__E)
                  00002a54    0000013c     rtsv7M4_T_le_v4SPD16_eabi.lib : _printfi.c.obj (.text:_pconv_e)
                  00002b90    00000136                                   : fd_div_t2.asm.obj (.text)
                  00002cc6    00000002     release_pem4f.oem4f (.text:ti_sysbios_BIOS_nullFunc__I)
                  00002cc8    00000130     rtsv7M4_T_le_v4SPD16_eabi.lib : strtol.c.obj (.text:strtol)
                  00002df8    00000130     sysbios.aem4f : BIOS.obj (.text:ti_sysbios_knl_Semaphore_pend__E)
                  00002f28    00000124     rtsv7M4_T_le_v4SPD16_eabi.lib : _printfi.c.obj (.text:fcvt)
                  0000304c    00000124     library.obj (.text:helpBase)
                  00003170    00000120     sysbios.aem4f : BIOS.obj (.text:xdc_runtime_Startup_startMods__I)
                  00003290    00000110     rtsv7M4_T_le_v4SPD16_eabi.lib : s_scalbn.c.obj (.text:scalbn)
                  000033a0    00000110     sysbios.aem4f : BIOS.obj (.text:ti_sysbios_knl_Task_postInit__I)
                  000034b0    0000010c                   : BIOS.obj (.text:ti_sysbios_family_arm_lm4_Timer_start__E)
                  000035bc    00000108     library.obj (.text:errorBase)
                  000036c4    00000100     library.obj (.text:aboutParse)
                  000037c4    00000100     library.obj (.text:printParse)
                  000038c4    000000fc     rtsv7M4_T_le_v4SPD16_eabi.lib : fd_mul_t2.asm.obj (.text)
                  000039c0    000000f0     sysbios.aem4f : BIOS.obj (.text:pthread_create)
                  00003ab0    000000f0                   : m3_Hwi_asm.obj (.text:ti_sysbios_family_arm_m3_Hwi_dispatch__I)
                  00003ba0    000000f0     library.obj (.text:writeGPIOprint)
                  00003c90    000000e8     sysbios.aem4f : BIOS.obj (.text:ti_sysbios_knl_Task_Instance_init__E)
                  00003d78    000000d0                   : BIOS.obj (.text:ti_sysbios_heaps_HeapMem_alloc__E)
                  00003e48    000000be     drivers_msp432e4.aem4f : UARTMSP432E4.oem4f (.text:UARTMSP432E4_close)
                  00003f06    00000002     --HOLE-- [fill = 0]
                  00003f08    000000bc     sysbios.aem4f : BIOS.obj (.text:ti_sysbios_knl_Task_exit__E)
                  00003fc4    00000004     dpl_msp432e4.aem4f : ClockP_tirtos.oem4f (.text:ClockP_setTimeout)
                  00003fc8    000000bc     sysbios.aem4f : BIOS.obj (.text:xdc_runtime_Core_createObject__I)
                  00004084    00000004     dpl_msp432e4.aem4f : ClockP_tirtos.oem4f (.text:ClockP_start)
                  00004088    000000b8     sysbios.aem4f : BIOS.obj (.text:ti_sysbios_family_arm_m3_Hwi_Instance_init__E)
                  00004140    000000b6     drivers_msp432e4.aem4f : UARTMSP432E4.oem4f (.text:readTaskCallback)
                  000041f6    00000002     --HOLE-- [fill = 0]
                  000041f8    000000b1     rtsv7M4_T_le_v4SPD16_eabi.lib : _printfi.c.obj (.text:_ltostr)
                  000042a9    00000001     --HOLE-- [fill = 0]
                  000042aa    000000b0     drivers_msp432e4.aem4f : UARTMSP432E4.oem4f (.text:readTaskBlocking)
                  0000435a    00000004     dpl_msp432e4.aem4f : ClockP_tirtos.oem4f (.text:ClockP_stop)
                  0000435e    00000002     --HOLE-- [fill = 0]
                  00004360    000000b0     sysbios.aem4f : BIOS.obj (.text:ti_sysbios_family_arm_lm4_Timer_enableTiva__I)
                  00004410    000000ac     drivers_msp432e4.aem4f : GPIOMSP432E4.oem4f (.text:GPIO_init)
                  000044bc    000000a4     msp432e4_driverlib.a : gpio.o (.text:GPIOIntTypeSet)
                  00004560    000000a4     sysbios.aem4f : BIOS.obj (.text:ti_sysbios_knl_Task_setPri__E)
                  00004604    000000a0     auto_init.aem4f : auto_init.oem4f (.text)
                  000046a4    0000009e     drivers_msp432e4.aem4f : UARTMSP432E4.oem4f (.text:UARTMSP432E4_readPolling)
                  00004742    00000004     dpl_msp432e4.aem4f : HwiP_tirtos.oem4f (.text:HwiP_disable)
                  00004746    00000002     --HOLE-- [fill = 0]
                  00004748    0000009c     sysbios.aem4f : BIOS.obj (.text:_pthread_removeThreadKeys)
                  000047e4    0000009c     rtsv7M4_T_le_v4SPD16_eabi.lib : memcpy_t2.asm.obj (.text)
                  00004880    00000098     drivers_msp432e4.aem4f : UARTMSP432E4.oem4f (.text:UARTMSP432E4_write)
                  00004918    00000096     rtsv7M4_T_le_v4SPD16_eabi.lib : ull_div_t2.asm.obj (.text)
                  000049ae    00000094     drivers_msp432e4.aem4f : UARTMSP432E4.oem4f (.text:readIsrTextBlocking)
                  00004a42    00000004     dpl_msp432e4.aem4f : SemaphoreP_tirtos.oem4f (.text:SemaphoreP_post)
                  00004a46    00000002     --HOLE-- [fill = 0]
                  00004a48    00000094     sysbios.aem4f : BIOS.obj (.text:ti_sysbios_family_arm_m3_Hwi_initNVIC__E)
                  00004adc    00000090     drivers_msp432e4.aem4f : UARTMSP432E4.oem4f (.text:UARTMSP432E4_control)
                  00004b6c    00000004     release_pem4f.oem4f (.text:ti_sysbios_BIOS_RtsGateProxy_enter__E)
                  00004b70    00000090     sysbios.aem4f : BIOS.obj (.text:ti_sysbios_knl_Task_Module_startup__E)
                  00004c00    0000008c                   : m3_TaskSupport_asm.obj (.text:ti_sysbios_family_arm_m3_TaskSupport_buildTaskStack)
                  00004c8c    00000004     release_pem4f.oem4f (.text:ti_sysbios_BIOS_RtsGateProxy_leave__E)
                  00004c90    0000008c     sysbios.aem4f : BIOS.obj (.text:xdc_runtime_Memory_alloc__E)
                  00004d1c    00000088     drivers_msp432e4.aem4f : UARTMSP432E4.oem4f (.text:readIsrTextCallback)
                  00004da4    00000086     rtsv7M4_T_le_v4SPD16_eabi.lib : fd_cmp_t2.asm.obj (.text:__aeabi_cdcmple)
                  00004e2a    00000086                                   : fd_cmp_t2.asm.obj (.text:__aeabi_cdrcmple)
                  00004eb0    00000086     sysbios.aem4f : BIOS.obj (.text:xdc_runtime_Core_constructObject__I)
                  00004f36    00000002     --HOLE-- [fill = 0]
                  00004f38    00000084                   : BIOS.obj (.text:ti_sysbios_family_arm_m3_Hwi_postInit__I)
                  00004fbc    00000004                   : BIOS.obj (.text:ti_sysbios_family_arm_lm4_Timer_masterEnable__I)
                  00004fc0    00000084                   : BIOS.obj (.text:ti_sysbios_heaps_HeapMem_free__E)
                  00005044    00000004     release_pem4f.oem4f (.text:ti_sysbios_family_arm_m3_Hwi_delete)
                  00005048    00000080     sysbios.aem4f : BIOS.obj (.text:ti_sysbios_knl_Clock_workFunc__E)
                  000050c8    0000007c     drivers_msp432e4.aem4f : UARTMSP432E4.oem4f (.text:writeData)
                  00005144    0000007a     rtsv7M4_T_le_v4SPD16_eabi.lib : memset_t2.asm.obj (.text)
                  000051be    00000076     msp432e4_driverlib.a : uart.o (.text:UARTConfigSetExpClk)
                  00005234    00000004     release_pem4f.oem4f (.text:ti_sysbios_family_arm_m3_TaskSupport_Module__startupDone__S)
                  00005238    00000074     sysbios.aem4f : BIOS.obj (.text:xdc_runtime_Core_deleteObject__I)
                  000052ac    00000004     release_pem4f.oem4f (.text:ti_sysbios_heaps_HeapMem_Module_GateProxy_enter__E)
                  000052b0    00000070     sysbios.aem4f : BIOS.obj (.text:ti_sysbios_heaps_HeapMem_initPrimary__I)
                  00005320    0000006e     rtsv7M4_T_le_v4SPD16_eabi.lib : _printfi.c.obj (.text:_mcpy)
                  0000538e    00000002     --HOLE-- [fill = 0]
                  00005390    0000006c     drivers_msp432e4.aem4f : PowerMSP432E4.oem4f (.text:Power_releaseDependency)
                  000053fc    00000004     release_pem4f.oem4f (.text:ti_sysbios_heaps_HeapMem_Module_GateProxy_leave__E)
                  00005400    0000006c     sysbios.aem4f : BIOS.obj (.text:ti_sysbios_knl_Swi_restoreHwi__E)
                  0000546c    00000068     drivers_msp432e4.aem4f : GPIOMSP432E4.oem4f (.text:GPIO_hwiIntFxn)
                  000054d4    00000068                            : PowerMSP432E4.oem4f (.text:Power_setDependency)
                  0000553c    00000068     rtsv7M4_T_le_v4SPD16_eabi.lib : copy_decompress_lzss.c.obj (.text:decompress:lzss:__TI_decompress_lzss)
                  000055a4    00000004     release_pem4f.oem4f (.text:ti_sysbios_knl_Clock_TimerProxy_getMaxTicks__E)
                  000055a8    00000068     sysbios.aem4f : BIOS.obj (.text:pthread_exit)
                  00005610    00000068     drivers_msp432e4.aem4f : UARTMSP432E4.oem4f (.text:readIsrBinaryBlocking)
                  00005678    00000064                            : PowerMSP432E4.oem4f (.text:Power_init)
                  000056dc    00000064     rtsv7M4_T_le_v4SPD16_eabi.lib : s_frexp.c.obj (.text:frexp)
                  00005740    00000064     main.obj (.text:main)
                  000057a4    00000064     drivers_msp432e4.aem4f : UARTMSP432E4.oem4f (.text:readIsrBinaryCallback)
                  00005808    00000064     sysbios.aem4f : BIOS.obj (.text:ti_sysbios_family_arm_lm4_Timer_Module_startup__E)
                  0000586c    00000004     release_pem4f.oem4f (.text:ti_sysbios_knl_Clock_delete)
                  00005870    00000064     sysbios.aem4f : BIOS.obj (.text:ti_sysbios_family_arm_m3_Hwi_dispatchC__I)
                  000058d4    00000004     release_pem4f.oem4f (.text:ti_sysbios_knl_Semaphore_delete)
                  000058d8    00000060     sysbios.aem4f : BIOS.obj (.text:ti_sysbios_knl_Semaphore_post__E)
                  00005938    00000060                   : BIOS.obj (.text:ti_sysbios_knl_Swi_run__I)
                  00005998    0000005c     msp432e4_driverlib.a : gpio.o (.text:GPIODirModeSet)
                  000059f4    0000005c     drivers_msp432e4.aem4f : UARTMSP432E4.oem4f (.text:getPowerResourceId)
                  00005a50    0000005c     sysbios.aem4f : BIOS.obj (.text:ti_sysbios_knl_Swi_schedule__I)
                  00005aac    00000004     release_pem4f.oem4f (.text:ti_sysbios_knl_Task_delete)
                  00005ab0    0000005c     sysbios.aem4f : BIOS.obj (.text:ti_sysbios_knl_Task_startCore__E)
                  00005b0c    00000004     release_pem4f.oem4f (.text:xdc_runtime_System_Module_GateProxy_enter__E)
                  00005b10    0000005c     sysbios.aem4f : BIOS.obj (.text:xdc_runtime_Startup_exec__E)
                  00005b6c    00000058     drivers_msp432e4.aem4f : GPIOMSP432E4.oem4f (.text:GPIO_setCallback)
                  00005bc4    00000058     boot.aem4f : boot.oem4f (.text)
                  00005c1c    00000058     sysbios.aem4f : m3_Hwi_asm_switch.obj (.text:ti_sysbios_family_arm_m3_Hwi_initStacks__E)
                  00005c74    00000056     rtsv7M4_T_le_v4SPD16_eabi.lib : _printfi.c.obj (.text:_pconv_f)
                  00005cca    00000056     library.obj (.text:startsWith)
                  00005d20    00000054     drivers_msp432e4.aem4f : GPIOMSP432E4.oem4f (.text:GPIO_write)
                  00005d74    00000054     rtsv7M4_T_le_v4SPD16_eabi.lib : _ltoa.c.obj (.text:__TI_ltoa)
                  00005dc8    00000054     library.obj (.text:removeSpaces)
                  00005e1c    00000004     release_pem4f.oem4f (.text:xdc_runtime_System_Module_GateProxy_leave__E)
                  00005e20    00000054     sysbios.aem4f : BIOS.obj (.text:ti_sysbios_family_arm_lm4_Timer_initDevice__I)
                  00005e74    00000054     release_pem4f.oem4f (.text:ti_sysbios_family_arm_m3_Hwi_create)
                  00005ec8    00000052     rtsv7M4_T_le_v4SPD16_eabi.lib : _printfi.c.obj (.text:_ecpy)
                  00005f1a    00000002     --HOLE-- [fill = 0]
                  00005f1c    00000050     drivers_msp432e4.aem4f : GPIOMSP432E4.oem4f (.text:GPIO_toggle)
                  00005f6c    00000050                            : UARTMSP432E4.oem4f (.text:UARTMSP432E4_hwiIntFxn)
                  00005fbc    00000004     --HOLE-- [fill = 0]
                  00005fc0    00000050     sysbios.aem4f : BIOS.obj (.text:ti_sysbios_family_arm_m3_Hwi_Module_startup__E)
                  00006010    00000050                   : BIOS.obj (.text:ti_sysbios_knl_Clock_Instance_init__E)
                  00006060    00000050     release_pem4f.oem4f (.text:ti_sysbios_knl_Task_create)
                  000060b0    0000004c     drivers_msp432e4.aem4f : UARTMSP432E4.oem4f (.text:UARTMSP432E4_writePolling)
                  000060fc    0000004c     rtsv7M4_T_le_v4SPD16_eabi.lib : atoi.c.obj (.text:atoi)
                  00006148    0000004c                                   : cpy_tbl.c.obj (.text:copy_in)
                  00006194    0000004c     drivers_msp432e4.aem4f : UARTMSP432E4.oem4f (.text:ringBufGet)
                  000061e0    0000004c     sysbios.aem4f : BIOS.obj (.text:ti_sysbios_heaps_HeapMem_getStats__E)
                  0000622c    00000004     --HOLE-- [fill = 0]
                  00006230    0000004c                   : BIOS.obj (.text:ti_sysbios_knl_Swi_runLoop__I)
                  0000627c    00000004     --HOLE-- [fill = 0]
                  00006280    0000004c                   : BIOS.obj (.text:ti_sysbios_knl_Task_allBlockedFunction__I)
                  000062cc    00000004     --HOLE-- [fill = 0]
                  000062d0    0000004c                   : BIOS.obj (.text:ti_sysbios_knl_Task_schedule__I)
                  0000631c    00000048     drivers_msp432e4.aem4f : UARTMSP432E4.oem4f (.text:UARTMSP432E4_writeCancel)
                  00006364    00000048     library.obj (.text:readGPIOprint)
                  000063ac    00000048     rtsv7M4_T_le_v4SPD16_eabi.lib : fd_toi_t2.asm.obj (.text)
                  000063f4    00000004     --HOLE-- [fill = 0]
                  000063f8    00000048     sysbios.aem4f : BIOS.obj (.text:ti_sysbios_family_arm_lm4_Timer_enableTimers__I)
                  00006440    00000048                   : BIOS.obj (.text:ti_sysbios_family_arm_m3_Hwi_disableInterrupt__E)
                  00006488    00000048                   : BIOS.obj (.text:ti_sysbios_family_arm_m3_Hwi_enableInterrupt__E)
                  000064d0    00000048                   : BIOS.obj (.text:ti_sysbios_knl_Mailbox_Module_startup__E)
                  00006518    00000048                   : BIOS.obj (.text:ti_sysbios_knl_Task_deleteTerminatedTasksFunc__I)
                  00006560    00000048                   : BIOS.obj (.text:xdc_runtime_Core_assignParams__I)
                  000065a8    00000046     drivers_msp432e4.aem4f : RingBuf.oem4f (.text:RingBuf_put)
                  000065ee    00000002     --HOLE-- [fill = 0]
                  000065f0    00000044     msp432e4_driverlib.a : gpio.o (.text:GPIOPinConfigure)
                  00006634    00000044                          : sysctl.o (.text:SysCtlPeripheralPresent)
                  00006678    00000044                          : sysctl.o (.text:SysCtlPeripheralReady)
                  000066bc    00000044     drivers_msp432e4.aem4f : UART.oem4f (.text:UART_init)
                  00006700    00000044     sysbios.aem4f : BIOS.obj (.text:ti_sysbios_family_arm_lm4_Timer_isrStub__E)
                  00006744    00000004     --HOLE-- [fill = 0]
                  00006748    00000044                   : BIOS.obj (.text:ti_sysbios_family_arm_m3_Hwi_getStackInfo__E)
                  0000678c    00000004     --HOLE-- [fill = 0]
                  00006790    00000044                   : BIOS.obj (.text:ti_sysbios_knl_Mailbox_postInit__I)
                  000067d4    00000004     --HOLE-- [fill = 0]
                  000067d8    00000044                   : BIOS.obj (.text:ti_sysbios_knl_Swi_post__E)
                  0000681c    00000004     --HOLE-- [fill = 0]
                  00006820    00000044                   : BIOS.obj (.text:xdc_runtime_System_atexit__E)
                  00006864    00000040     dpl_msp432e4.aem4f : ClockP_tirtos.oem4f (.text:ClockP_create)
                  000068a4    00000040                        : HwiP_tirtos.oem4f (.text:HwiP_create)
                  000068e4    00000040     drivers_msp432e4.aem4f : RingBuf.oem4f (.text:RingBuf_get)
                  00006924    00000040     msp432e4_driverlib.a : sysctl.o (.text:SysCtlPeripheralDisable)
                  00006964    00000040                          : sysctl.o (.text:SysCtlPeripheralEnable)
                  000069a4    00000040                          : sysctl.o (.text:SysCtlPeripheralPowerOff)
                  000069e4    00000040                          : sysctl.o (.text:SysCtlPeripheralPowerOn)
                  00006a24    00000040                          : sysctl.o (.text:SysCtlPeripheralSleepDisable)
                  00006a64    00000040                          : sysctl.o (.text:SysCtlPeripheralSleepEnable)
                  00006aa4    00000040     drivers_msp432e4.aem4f : UARTMSP432E4.oem4f (.text:UARTMSP432E4_read)
                  00006ae4    00000040                            : UART.oem4f (.text:UART_open)
                  00006b24    00000040     rtsv7M4_T_le_v4SPD16_eabi.lib : sprintf.c.obj (.text:sprintf)
                  00006b64    00000004     --HOLE-- [fill = 0]
                  00006b68    00000040     sysbios.aem4f : BIOS.obj (.text:ti_sysbios_family_arm_lm4_Timer_startup__E)
                  00006ba8    00000040                   : BIOS.obj (.text:ti_sysbios_heaps_HeapMem_Instance_init__E)
                  00006be8    0000003e     rtsv7M4_T_le_v4SPD16_eabi.lib : _printfi.c.obj (.text:_fcpy)
                  00006c26    00000002     --HOLE-- [fill = 0]
                  00006c28    0000003c     sysbios.aem4f : BIOS.obj (.text:ti_sysbios_family_arm_m3_Hwi_Instance_finalize__E)
                  00006c64    0000003c     release_pem4f.oem4f (.text:ti_sysbios_knl_Clock_create)
                  00006ca0    0000003c     sysbios.aem4f : BIOS.obj (.text:ti_sysbios_knl_Swi_restore__E)
                  00006cdc    00000004     --HOLE-- [fill = 0]
                  00006ce0    0000003c                   : BIOS.obj (.text:xdc_runtime_System_processAtExit__E)
                  00006d1c    00000004     --HOLE-- [fill = 0]
                  00006d20    00000038                   : BIOS.obj (.text:ti_sysbios_knl_Task_processVitalTaskFlag__I)
                  00006d58    00000036     drivers_msp432e4.aem4f : UARTMSP432E4.oem4f (.text:UARTMSP432E4_readCancel)
                  00006d8e    00000036     rtsv7M4_T_le_v4SPD16_eabi.lib : strncpy.c.obj (.text:strncpy)
                  00006dc4    00000004     --HOLE-- [fill = 0]
                  00006dc8    00000034     sysbios.aem4f : BIOS.obj (.text:_pthread_delete$43)
                  00006dfc    00000034     release_pem4f.oem4f (.text:ti_sysbios_knl_Semaphore_create)
                  00006e30    00000032     sysbios.aem4f : BIOS.obj (.text:ti_sysbios_hal_Hwi_initStack)
                  00006e62    00000002     --HOLE-- [fill = 0]
                  00006e64    00000030     ti_drivers_config.obj (.text:Board_init)
                  00006e94    00000030     drivers_msp432e4.aem4f : GPIOMSP432E4.oem4f (.text:GPIOMSP432E4_undoPinConfig)
                  00006ec4    00000030                            : GPIOMSP432E4.oem4f (.text:GPIO_read)
                  00006ef4    00000030     msp432e4_driverlib.a : uart.o (.text:UARTDisable)
                  00006f24    00000030     release_pem4f.oem4f (.text:ti_sysbios_BIOS_atExitFunc__I)
                  00006f54    00000030     release_pem4f.oem4f (.text:ti_sysbios_BIOS_startFunc__I)
                  00006f84    00000004     --HOLE-- [fill = 0]
                  00006f88    00000030     sysbios.aem4f : BIOS.obj (.text:ti_sysbios_family_arm_lm4_Timer_stop__E)
                  00006fb8    00000030                   : BIOS.obj (.text:ti_sysbios_family_arm_m3_TaskSupport_start__E)
                  00006fe8    00000030     release_pem4f.oem4f (.text:ti_sysbios_gates_GateHwi_Object__create__S)
                  00007018    00000030     release_pem4f.oem4f (.text:ti_sysbios_gates_GateMutex_Object__create__S)
                  00007048    00000030     sysbios.aem4f : BIOS.obj (.text:ti_sysbios_gates_GateMutex_enter__E)
                  00007078    00000030     release_pem4f.oem4f (.text:ti_sysbios_heaps_HeapMem_Object__create__S)
                  000070a8    00000030     release_pem4f.oem4f (.text:ti_sysbios_knl_Semaphore_construct)
                  000070d8    00000030     sysbios.aem4f : BIOS.obj (.text:ti_sysbios_knl_Semaphore_pendTimeout__I)
                  00007108    00000030                   : BIOS.obj (.text:ti_sysbios_knl_Task_restore__E)
                  00007138    00000030                   : BIOS.obj (.text:ti_sysbios_knl_Task_unblockI__E)
                  00007168    0000002e     rtsv7M4_T_le_v4SPD16_eabi.lib : i_tofd_t2.asm.obj (.text)
                  00007196    00000002     --HOLE-- [fill = 0]
                  00007198    0000002c     dpl_msp432e4.aem4f : SemaphoreP_tirtos.oem4f (.text:SemaphoreP_createBinary)
                  000071c4    0000002c     msp432e4_driverlib.a : sysctl.o (.text:SysCtlPeripheralClockGating)
                  000071f0    0000002c     sysbios.aem4f : BIOS.obj (.text:_pthread_cleanupFxn)
                  0000721c    0000002c     release_pem4f.oem4f (.text:ti_sysbios_gates_GateHwi_Handle__label__S)
                  00007248    0000002c     release_pem4f.oem4f (.text:ti_sysbios_gates_GateMutex_Handle__label__S)
                  00007274    0000002c     release_pem4f.oem4f (.text:ti_sysbios_heaps_HeapMem_Handle__label__S)
                  000072a0    0000002c     release_pem4f.oem4f (.text:ti_sysbios_knl_Clock_doTick__I)
                  000072cc    0000002c     release_pem4f.oem4f (.text:ti_sysbios_knl_Queue_construct)
                  000072f8    00000028     sysbios.aem4f : m3_Hwi_asm.obj (.text:ti_sysbios_family_arm_m3_Hwi_excHandlerAsm__I)
                  00007320    00000028                   : BIOS.obj (.text:ti_sysbios_knl_Clock_addI__E)
                  00007348    00000028                   : BIOS.obj (.text:ti_sysbios_knl_Swi_Module_startup__E)
                  00007370    00000026                   : m3_Hwi_asm.obj (.text:ti_sysbios_family_arm_m3_Hwi_pendSV__I)
                  00007396    00000024     msp432e4_driverlib.a : gpio.o (.text:GPIOPinTypeUART)
                  000073ba    00000024                          : uart.o (.text:UARTCharPutNonBlocking)
                  000073de    00000024                          : uart.o (.text:UARTEnable)
                  00007402    00000024     library.obj (.text:gpioBase)
                  00007426    00000002     --HOLE-- [fill = 0]
                  00007428    00000024     sysbios.aem4f : BIOS.obj (.text:pthread_attr_init)
                  0000744c    00000024     release_pem4f.oem4f (.text:ti_sysbios_BIOS_registerRTSLock__I)
                  00007470    00000024     release_pem4f.oem4f (.text:ti_sysbios_BIOS_removeRTSLock__I)
                  00007494    00000024     release_pem4f.oem4f (.text:ti_sysbios_gates_GateMutex_Object__delete__S)
                  000074b8    00000024     sysbios.aem4f : BIOS.obj (.text:ti_sysbios_knl_Clock_Module_startup__E)
                  000074dc    00000024     release_pem4f.oem4f (.text:ti_sysbios_knl_Clock_Object__delete__S)
                  00007500    00000024     sysbios.aem4f : BIOS.obj (.text:ti_sysbios_knl_Clock_start__E)
                  00007524    00000004     --HOLE-- [fill = 0]
                  00007528    00000024                   : BIOS.obj (.text:ti_sysbios_knl_Semaphore_Instance_init__E)
                  0000754c    00000024     release_pem4f.oem4f (.text:ti_sysbios_knl_Semaphore_Object__delete__S)
                  00007570    00000024     sysbios.aem4f : BIOS.obj (.text:ti_sysbios_knl_Task_restoreHwi__E)
                  00007594    00000004     --HOLE-- [fill = 0]
                  00007598    00000024                   : BIOS.obj (.text:xdc_runtime_Error_policyMin__E)
                  000075bc    00000022     msp432e4_driverlib.a : gpio.o (.text:GPIOIntStatus)
                  000075de    00000002     --HOLE-- [fill = 0]
                  000075e0    00000022     sysbios.aem4f : BIOS.obj (.text:ti_sysbios_family_arm_lm4_Timer_write__I)
                  00007602    00000020     msp432e4_driverlib.a : gpio.o (.text:GPIOPinWrite)
                  00007622    00000020     drivers_msp432e4.aem4f : RingBuf.oem4f (.text:RingBuf_peek)
                  00007642    00000020                            : GPIOMSP432E4.oem4f (.text:getGpioIntIndex)
                  00007662    00000002     --HOLE-- [fill = 0]
                  00007664    00000020     release_pem4f.oem4f (.text:ti_sysbios_BIOS_rtsLock__I)
                  00007684    00000020     release_pem4f.oem4f (.text:ti_sysbios_family_arm_m3_Hwi_Object__delete__S)
                  000076a4    00000020     release_pem4f.oem4f (.text:ti_sysbios_gates_GateHwi_Object__delete__S)
                  000076c4    00000020     release_pem4f.oem4f (.text:ti_sysbios_heaps_HeapMem_Object__delete__S)
                  000076e4    00000004     --HOLE-- [fill = 0]
                  000076e8    00000020     sysbios.aem4f : BIOS.obj (.text:ti_sysbios_knl_Idle_run__E)
                  00007708    00000020     release_pem4f.oem4f (.text:ti_sysbios_knl_Semaphore_destruct)
                  00007728    00000020     release_pem4f.oem4f (.text:ti_sysbios_knl_Task_Object__delete__S)
                  00007748    0000001e     msp432e4_driverlib.a : uart.o (.text:UARTBusy)
                  00007766    0000001e                          : uart.o (.text:UARTCharPut)
                  00007784    0000001e                          : uart.o (.text:UARTCharsAvail)
                  000077a2    0000001e                          : uart.o (.text:UARTIntStatus)
                  000077c0    0000001e     sysbios.aem4f : m3_Hwi_asm_switch.obj (.text:ti_sysbios_family_xxx_Hwi_switchAndRunFunc)
                  000077de    0000001c     msp432e4_driverlib.a : uart.o (.text:UARTCharGetNonBlocking)
                  000077fa    0000001c                          : uart.o (.text:UARTFlowControlSet)
                  00007816    0000001c                          : uart.o (.text:UARTTxIntModeSet)
                  00007832    0000001c     rtsv7M4_T_le_v4SPD16_eabi.lib : memccpy.c.obj (.text:memccpy)
                  0000784e    00000002     --HOLE-- [fill = 0]
                  00007850    0000001c     sysbios.aem4f : BIOS.obj (.text:ti_sysbios_family_arm_m3_Hwi_excHandler__I)
                  0000786c    00000004     --HOLE-- [fill = 0]
                  00007870    0000001c                   : BIOS.obj (.text:ti_sysbios_gates_GateMutex_Instance_init__E)
                  0000788c    00000004     --HOLE-- [fill = 0]
                  00007890    0000001c                   : BIOS.obj (.text:ti_sysbios_knl_Clock_Instance_finalize__E)
                  000078ac    0000001c     release_pem4f.oem4f (.text:ti_sysbios_knl_Queue_destruct)
                  000078c8    0000001c     sysbios.aem4f : BIOS.obj (.text:ti_sysbios_knl_Queue_put__E)
                  000078e4    00000004     --HOLE-- [fill = 0]
                  000078e8    0000001c                   : BIOS.obj (.text:ti_sysbios_knl_Task_enter__I)
                  00007904    00000004     --HOLE-- [fill = 0]
                  00007908    0000001c                   : BIOS.obj (.text:ti_sysbios_rts_ti_ReentSupport_getReent__F)
                  00007924    0000001a     rtsv7M4_T_le_v4SPD16_eabi.lib : s_copysign.c.obj (.text:copysign)
                  0000793e    00000018     msp432e4_driverlib.a : gpio.o (.text:GPIOPinRead)
                  00007956    00000002     --HOLE-- [fill = 0]
                  00007958    00000018     drivers_msp432e4.aem4f : PowerMSP432E4.oem4f (.text:Power_idleFunc)
                  00007970    00000018     msp432e4_driverlib.a : uart.o (.text:UARTFIFOLevelSet)
                  00007988    00000018                          : uart.o (.text:UARTIntDisable)
                  000079a0    00000018                          : uart.o (.text:UARTIntEnable)
                  000079b8    00000018     drivers_msp432e4.aem4f : UART.oem4f (.text:UART_Params_init)
                  000079d0    00000018     rtsv7M4_T_le_v4SPD16_eabi.lib : args_main.c.obj (.text:_args_main)
                  000079e8    00000018                                   : sprintf.c.obj (.text:_outs)
                  00007a00    00000018                                   : strcmp.c.obj (.text:strcmp)
                  00007a18    00000018     release_pem4f.oem4f (.text:ti_sysbios_BIOS_rtsUnlock__I)
                  00007a30    00000018     release_pem4f.oem4f (.text:ti_sysbios_family_arm_lm4_Timer_Module__startupDone__F)
                  00007a48    00000018     release_pem4f.oem4f (.text:ti_sysbios_family_arm_m3_Hwi_Module__startupDone__F)
                  00007a60    00000018     sysbios.aem4f : m3_TaskSupport_asm.obj (.text:ti_sysbios_family_arm_m3_TaskSupport_swap__E)
                  00007a78    00000018                   : BIOS.obj (.text:ti_sysbios_gates_GateMutex_leave__E)
                  00007a90    00000018     release_pem4f.oem4f (.text:ti_sysbios_rts_ti_ReentSupport_getTlsAddr__I)
                  00007aa8    00000018     sysbios.aem4f : BIOS.obj (.text:xdc_runtime_Error_init__E)
                  00007ac0    00000018                   : BIOS.obj (.text:xdc_runtime_System_exit__E)
                  00007ad8    00000016     msp432e4_driverlib.a : uart.o (.text:UARTCharGet)
                  00007aee    00000016     rtsv7M4_T_le_v4SPD16_eabi.lib : strchr.c.obj (.text:strchr)
                  00007b04    00000016     release_pem4f.oem4f (.text:ti_sysbios_BIOS_exitFunc__I)
                  00007b1a    00000014     msp432e4_driverlib.a : gpio.o (.text:GPIOIntClear)
                  00007b2e    00000002     --HOLE-- [fill = 0]
                  00007b30    00000014     drivers_msp432e4.aem4f : GPIOMSP432E4.oem4f (.text:GPIOMSP432E4_getGpioBaseAddr)
                  00007b44    00000014                            : GPIOMSP432E4.oem4f (.text:GPIOMSP432E4_getPowerResourceId)
                  00007b58    00000014     sysbios.aem4f : BIOS.obj (.text:pthread_attr_setschedparam)
                  00007b6c    00000014     rtsv7M4_T_le_v4SPD16_eabi.lib : strlen.c.obj (.text:strlen)
                  00007b80    00000014     release_pem4f.oem4f (.text:ti_sysbios_family_arm_m3_Hwi_Object__get__S)
                  00007b94    00000004     --HOLE-- [fill = 0]
                  00007b98    00000014     sysbios.aem4f : BIOS.obj (.text:ti_sysbios_family_arm_m3_Hwi_switchFromBootStack__E)
                  00007bac    00000014     release_pem4f.oem4f (.text:ti_sysbios_heaps_HeapMem_Object__get__S)
                  00007bc0    00000014     release_pem4f.oem4f (.text:ti_sysbios_knl_Swi_Object__get__S)
                  00007bd4    00000014     release_pem4f.oem4f (.text:ti_sysbios_knl_Task_Object__first__S)
                  00007be8    00000014     release_pem4f.oem4f (.text:ti_sysbios_knl_Task_Object__next__S)
                  00007bfc    00000012     drivers_msp432e4.aem4f : RingBuf.oem4f (.text:RingBuf_construct)
                  00007c0e    00000012     dpl_msp432e4.aem4f : SemaphoreP_tirtos.oem4f (.text:SemaphoreP_pend)
                  00007c20    00000012     msp432e4_driverlib.a : uart.o (.text:UARTIntClear)
                  00007c32    00000012                          : uart.o (.text:UARTRxErrorGet)
                  00007c44    00000004     --HOLE-- [fill = 0]
                  00007c48    00000012     sysbios.aem4f : BIOS.obj (.text:_pthread_runStub$43)
                  00007c5a    00000006     --HOLE-- [fill = 0]
                  00007c60    00000012                   : BIOS.obj (.text:ti_sysbios_hal_Hwi_Module_startup__E)
                  00007c72    00000012     rtsv7M4_T_le_v4SPD16_eabi.lib : wcslen.c.obj (.text:wcslen)
                  00007c84    00000012     release_pem4f.oem4f (.text:xdc_runtime_Startup_exec__I)
                  00007c96    00000002     --HOLE-- [fill = 0]
                  00007c98    00000010     release_pem4f.oem4f (.text:.bootCodeSection:ti_sysbios_family_arm_msp432e4_init_Boot_init__I)
                  00007ca8    00000010     dpl_msp432e4.aem4f : HwiP_tirtos.oem4f (.text:HwiP_Params_init)
                  00007cb8    00000010                        : PowerMSP432E4_tirtos.oem4f (.text:PowerMSP432E4_sleepPolicy)
                  00007cc8    00000010     msp432e4_driverlib.a : uart.o (.text:UARTRxErrorClear)
                  00007cd8    00000010     drivers_msp432e4.aem4f : UARTMSP432E4.oem4f (.text:readBlockingTimeout)
                  00007ce8    00000010     sysbios.aem4f : BIOS.obj (.text:ti_sysbios_BIOS_getCpuFreq__E)
                  00007cf8    00000010                   : BIOS.obj (.text:ti_sysbios_BIOS_setThreadType__E)
                  00007d08    00000010                   : BIOS.obj (.text:ti_sysbios_BIOS_start__E)
                  00007d18    00000010                   : m3_TaskSupport_asm.obj (.text:ti_sysbios_family_arm_m3_TaskSupport_glue)
                  00007d28    00000010                   : BIOS.obj (.text:ti_sysbios_gates_GateMutex_Instance_finalize__E)
                  00007d38    00000010     release_pem4f.oem4f (.text:ti_sysbios_knl_Mailbox_Object__get__S)
                  00007d48    00000010     sysbios.aem4f : BIOS.obj (.text:ti_sysbios_knl_Semaphore_Instance_finalize__E)
                  00007d58    00000010                   : BIOS.obj (.text:ti_sysbios_knl_Swi_disable__E)
                  00007d68    00000010     release_pem4f.oem4f (.text:ti_sysbios_knl_Task_Object__get__S)
                  00007d78    00000010     sysbios.aem4f : BIOS.obj (.text:ti_sysbios_knl_Task_disable__E)
                  00007d88    00000010                   : BIOS.obj (.text:xdc_runtime_Memory_free__E)
                  00007d98    00000010                   : BIOS.obj (.text:xdc_runtime_SysCallback_abort__E)
                  00007da8    00000010                   : BIOS.obj (.text:xdc_runtime_SysCallback_exit__E)
                  00007db8    0000000e     drivers_msp432e4.aem4f : RingBuf.oem4f (.text:RingBuf_isFull)
                  00007dc6    0000000e     rtsv7M4_T_le_v4SPD16_eabi.lib : copy_decompress_none.c.obj (.text:decompress:none:__TI_decompress_none)
                  00007dd4    00000004     --HOLE-- [fill = 0]
                  00007dd8    0000000e     sysbios.aem4f : BIOS.obj (.text:pthread_attr_setdetachstate)
                  00007de6    00000002     --HOLE-- [fill = 0]
                  00007de8    0000000e                   : BIOS.obj (.text:ti_sysbios_knl_Idle_loop__E)
                  00007df6    00000002     --HOLE-- [fill = 0]
                  00007df8    0000000e                   : BIOS.obj (.text:ti_sysbios_knl_Queue_empty__E)
                  00007e06    0000000c     dpl_msp432e4.aem4f : ClockP_tirtos.oem4f (.text:ClockP_delete)
                  00007e12    0000000c                        : HwiP_tirtos.oem4f (.text:HwiP_delete)
                  00007e1e    0000000c                        : SemaphoreP_tirtos.oem4f (.text:SemaphoreP_delete)
                  00007e2a    00000002     --HOLE-- [fill = 0]
                  00007e2c    0000000c     rtsv7M4_T_le_v4SPD16_eabi.lib : _lock.c.obj (.text:_register_lock)
                  00007e38    0000000c                                   : _lock.c.obj (.text:_register_unlock)
                  00007e44    0000000c                                   : copy_zero_init.c.obj (.text:decompress:ZI:__TI_zero_init)
                  00007e50    0000000c     sysbios.aem4f : BIOS.obj (.text:ti_sysbios_family_arm_lm4_Timer_getMaxTicks__E)
                  00007e5c    0000000c     release_pem4f.oem4f (.text:ti_sysbios_family_arm_m3_Hwi_Params__init__S)
                  00007e68    0000000c     sysbios.aem4f : BIOS.obj (.text:ti_sysbios_family_arm_m3_Hwi_disableFxn__E)
                  00007e74    00000004     --HOLE-- [fill = 0]
                  00007e78    0000000c                   : BIOS.obj (.text:ti_sysbios_family_arm_m3_TaskSupport_getStackAlignment__E)
                  00007e84    00000004     --HOLE-- [fill = 0]
                  00007e88    0000000c                   : BIOS.obj (.text:ti_sysbios_gates_GateHwi_enter__E)
                  00007e94    0000000c     release_pem4f.oem4f (.text:ti_sysbios_knl_Clock_Params__init__S)
                  00007ea0    0000000c     release_pem4f.oem4f (.text:ti_sysbios_knl_Queue_Object__get__S)
                  00007eac    0000000c     release_pem4f.oem4f (.text:ti_sysbios_knl_Semaphore_Params__init__S)
                  00007eb8    0000000c     release_pem4f.oem4f (.text:ti_sysbios_knl_Task_Params__init__S)
                  00007ec4    00000004     --HOLE-- [fill = 0]
                  00007ec8    0000000c     sysbios.aem4f : BIOS.obj (.text:ti_sysbios_knl_Task_self__E)
                  00007ed4    00000004     --HOLE-- [fill = 0]
                  00007ed8    0000000c                   : BIOS.obj (.text:ti_sysbios_rts_ti_ReentSupport_taskRegHook__I)
                  00007ee4    00000004     --HOLE-- [fill = 0]
                  00007ee8    0000000c                   : BIOS.obj (.text:xdc_runtime_Startup_rtsDone__E)
                  00007ef4    0000000a     dpl_msp432e4.aem4f : ClockP_tirtos.oem4f (.text:ClockP_Params_init)
                  00007efe    0000000a     main.obj (.text:NDK_hookInit)
                  00007f08    0000000a     drivers_msp432e4.aem4f : UART.oem4f (.text:UART_read)
                  00007f12    0000000a                            : UART.oem4f (.text:UART_write)
                  00007f1c    0000000a     rtsv7M4_T_le_v4SPD16_eabi.lib : sprintf.c.obj (.text:_outc)
                  00007f26    0000000a     release_pem4f.oem4f (.text:xdc_runtime_IHeap_alloc)
                  00007f30    0000000a     release_pem4f.oem4f (.text:xdc_runtime_IHeap_free)
                  00007f3a    00000006     --HOLE-- [fill = 0]
                  00007f40    00000008     sysbios.aem4f : BIOS.obj (.text:pthread_attr_setstacksize)
                  00007f48    00000008     drivers_msp432e4.aem4f : UARTMSP432E4.oem4f (.text:readSemCallback)
                  00007f50    00000008     sysbios.aem4f : BIOS.obj (.text:ti_sysbios_family_arm_lm4_Timer_masterDisable__I)
                  00007f58    00000008                   : BIOS.obj (.text:ti_sysbios_family_arm_m3_Hwi_doSwiRestore__I)
                  00007f60    00000008                   : BIOS.obj (.text:ti_sysbios_family_arm_m3_Hwi_startup__E)
                  00007f68    00000008     drivers_msp432e4.aem4f : UARTMSP432E4.oem4f (.text:writeSemCallback)
                  00007f70    00000006     sysbios.aem4f : BIOS.obj (.text:ti_sysbios_family_arm_m3_Hwi_doTaskRestore__I)
                  00007f76    00000002     --HOLE-- [fill = 0]
                  00007f78    00000006                   : BIOS.obj (.text:ti_sysbios_family_arm_m3_Hwi_restoreFxn__E)
                  00007f7e    00000002     --HOLE-- [fill = 0]
                  00007f80    00000006                   : BIOS.obj (.text:ti_sysbios_gates_GateHwi_leave__E)
                  00007f86    00000002     --HOLE-- [fill = 0]
                  00007f88    00000006                   : BIOS.obj (.text:ti_sysbios_heaps_HeapMem_isBlocking__E)
                  00007f8e    00000002     --HOLE-- [fill = 0]
                  00007f90    00000006                   : BIOS.obj (.text:ti_sysbios_knl_Clock_stop__E)
                  00007f96    00000002     --HOLE-- [fill = 0]
                  00007f98    00000006                   : BIOS.obj (.text:ti_sysbios_knl_Queue_Instance_init__E)
                  00007f9e    00000002     --HOLE-- [fill = 0]
                  00007fa0    00000006                   : BIOS.obj (.text:ti_sysbios_knl_Swi_startup__E)
                  00007fa6    00000002     --HOLE-- [fill = 0]
                  00007fa8    00000006                   : BIOS.obj (.text:xdc_runtime_System_Module_startup__E)
                  00007fae    00000002     --HOLE-- [fill = 0]
                  00007fb0    00000004                   : BIOS.obj (.text:__aeabi_errno_addr)
                  00007fb4    00000004     --HOLE-- [fill = 0]
                  00007fb8    00000004                   : BIOS.obj (.text:ti_sysbios_gates_GateHwi_query__E)
                  00007fbc    00000004     --HOLE-- [fill = 0]
                  00007fc0    00000004                   : BIOS.obj (.text:ti_sysbios_gates_GateMutex_query__E)
                  00007fc4    00000004     --HOLE-- [fill = 0]
                  00007fc8    00000004                   : BIOS.obj (.text:ti_sysbios_knl_Clock_setTimeout__E)
                  00007fcc    00000004     --HOLE-- [fill = 0]
                  00007fd0    00000004                   : BIOS.obj (.text:ti_sysbios_knl_Task_startup__E)
                  00007fd4    00000004     --HOLE-- [fill = 0]
                  00007fd8    00000002                   : BIOS.obj (.text:ti_sysbios_BIOS_linkedWithIncorrectBootLibrary__E)
                  00007fda    00000006     --HOLE-- [fill = 0]
                  00007fe0    00000002                   : BIOS.obj (.text:ti_sysbios_gates_GateHwi_Instance_init__E)
                  00007fe2    00000006     --HOLE-- [fill = 0]
                  00007fe8    00000002                   : BIOS.obj (.text:ti_sysbios_knl_Clock_logTick__E)
                  00007fea    00000006     --HOLE-- [fill = 0]
                  00007ff0    00000002                   : BIOS.obj (.text:xdc_runtime_SysCallback_defaultAbort)
                  00007ff2    00000006     --HOLE-- [fill = 0]
                  00007ff8    00000002                   : BIOS.obj (.text:xdc_runtime_SysCallback_defaultExit)
                  00007ffa    00000006     --HOLE-- [fill = 0]
                  00008000    00000002                   : BIOS.obj (.text:xdc_runtime_System_abortSpin__E)
                  00008002    00000006     --HOLE-- [fill = 0]
                  00008008    00000002                   : BIOS.obj (.text:xdc_runtime_System_exitSpin__E)

.const     0    0000800c    0000091e     
                  0000800c    00000210     sysbios.aem4f : BIOS.obj (.const:$O2$$)
                  0000821c    00000101     rtsv7M4_T_le_v4SPD16_eabi.lib : ctype.c.obj (.const:.string:_ctypes_)
                  0000831d    00000003     drivers_msp432e4.aem4f : GPIOMSP432E4.oem4f (.const:.string:inPinTypes)
                  00008320    00000048     msp432e4_driverlib.a : gpio.o (.const:g_pui32GPIOBaseAddrs)
                  00008368    00000048     drivers_msp432e4.aem4f : GPIOMSP432E4.oem4f (.const:gpioBaseAddresses)
                  000083b0    00000048                            : GPIOMSP432E4.oem4f (.const:powerMgrIds)
                  000083f8    0000003c     release_pem4f.oem4f (.const:ti_sysbios_knl_Task_Object__PARAMS__C)
                  00008434    00000030     release_pem4f.oem4f (.const:ti_sysbios_family_arm_m3_Hwi_Object__PARAMS__C)
                  00008464    00000030     release_pem4f.oem4f (.const:ti_sysbios_knl_Task_hooks__A)
                  00008494    0000002c     ti_drivers_config.obj (.const:uartMSP432E4HWAttrs)
                  000084c0    00000028     drivers_msp432e4.aem4f : UARTMSP432E4.oem4f (.const:UARTMSP432E4_fxnTable)
                  000084e8    00000028     release_pem4f.oem4f (.const:ti_sysbios_heaps_HeapMem_Module__FXNS__C)
                  00008510    00000024     drivers_msp432e4.aem4f : UART.oem4f (.const:UART_defaultParams)
                  00008534    00000024     release_pem4f.oem4f (.const:ti_sysbios_gates_GateHwi_Module__FXNS__C)
                  00008558    00000024     release_pem4f.oem4f (.const:ti_sysbios_gates_GateMutex_Module__FXNS__C)
                  0000857c    00000024     release_pem4f.oem4f (.const:ti_sysbios_heaps_HeapMem_Object__PARAMS__C)
                  000085a0    00000024     release_pem4f.oem4f (.const:ti_sysbios_knl_Clock_Object__PARAMS__C)
                  000085c4    00000024     release_pem4f.oem4f (.const:ti_sysbios_knl_Semaphore_Object__PARAMS__C)
                  000085e8    00000020     drivers_msp432e4.aem4f : GPIOMSP432E4.oem4f (.const:.string:gpioInterruptVectors)
                  00008608    00000020                            : UARTMSP432E4.oem4f (.const:staticFxnTable)
                  00008628    00000020     release_pem4f.oem4f (.const:ti_sysbios_family_arm_m3_Hwi_Object__DESC__C)
                  00008648    00000020     release_pem4f.oem4f (.const:ti_sysbios_gates_GateHwi_Object__DESC__C)
                  00008668    00000020     release_pem4f.oem4f (.const:ti_sysbios_gates_GateMutex_Object__DESC__C)
                  00008688    00000020     release_pem4f.oem4f (.const:ti_sysbios_heaps_HeapMem_Object__DESC__C)
                  000086a8    00000020     release_pem4f.oem4f (.const:ti_sysbios_knl_Clock_Object__DESC__C)
                  000086c8    00000020     release_pem4f.oem4f (.const:ti_sysbios_knl_Queue_Object__DESC__C)
                  000086e8    00000020     release_pem4f.oem4f (.const:ti_sysbios_knl_Semaphore_Object__DESC__C)
                  00008708    00000020     release_pem4f.oem4f (.const:ti_sysbios_knl_Task_Object__DESC__C)
                  00008728    00000020     release_pem4f.oem4f (.const:xdc_runtime_Startup_sfxnTab__A)
                  00008748    00000018     release_pem4f.oem4f (.const:ti_sysbios_gates_GateHwi_Object__PARAMS__C)
                  00008760    00000018     release_pem4f.oem4f (.const:ti_sysbios_gates_GateMutex_Object__PARAMS__C)
                  00008778    00000018     release_pem4f.oem4f (.const:ti_sysbios_knl_Queue_Object__PARAMS__C)
                  00008790    00000014     ti_drivers_config.obj (.const:GPIOMSP432E4_config)
                  000087a4    00000014     drivers_msp432e4.aem4f : UARTMSP432E4.oem4f (.const:parityType)
                  000087b8    00000010                            : UARTMSP432E4.oem4f (.const:dataLength)
                  000087c8    00000010     release_pem4f.oem4f (.const:xdc_runtime_Startup_firstFxns__A)
                  000087d8    00000010     release_pem4f.oem4f (.const:xdc_runtime_Startup_sfxnRts__A)
                  000087e8    0000000d     mainThread.obj (.const:.string:$P$T0$1)
                  000087f5    00000001     release_pem4f.oem4f (.const:xdc_runtime_Error_policy__C)
                  000087f6    00000002     release_pem4f.oem4f (.const:ti_sysbios_family_arm_m3_Hwi_Module__id__C)
                  000087f8    0000000c     ti_drivers_config.obj (.const:UART_config)
                  00008804    0000000c     release_pem4f.oem4f (.const:ti_sysbios_knl_Idle_funcList__A)
                  00008810    0000000a     ti_drivers_config.obj (.const)
                  0000881a    00000002     release_pem4f.oem4f (.const:ti_sysbios_heaps_HeapMem_Module__id__C)
                  0000881c    00000008     ti_drivers_config.obj (.const:PowerMSP432E4_config)
                  00008824    00000008     drivers_msp432e4.aem4f : UARTMSP432E4.oem4f (.const:stopBits)
                  0000882c    00000008     release_pem4f.oem4f (.const:ti_sysbios_knl_Idle_funcList__C)
                  00008834    00000008     release_pem4f.oem4f (.const:ti_sysbios_knl_Task_hooks__C)
                  0000883c    00000008     release_pem4f.oem4f (.const:xdc_runtime_Startup_firstFxns__C)
                  00008844    00000008     release_pem4f.oem4f (.const:xdc_runtime_Startup_lastFxns__C)
                  0000884c    00000007     drivers_msp432e4.aem4f : GPIOMSP432E4.oem4f (.const:.string:outPinStrengths)
                  00008853    00000006                            : GPIOMSP432E4.oem4f (.const:.string:interruptType)
                  00008859    00000004                            : GPIOMSP432E4.oem4f (.const:.string:outPinTypes)
                  0000885d    00000001     --HOLE-- [fill = 0]
                  0000885e    00000002     release_pem4f.oem4f (.const:ti_sysbios_knl_Task_Module__id__C)
                  00008860    00000004     release_pem4f.oem4f (.const:ti_sysbios_family_arm_lm4_Timer_enableFunc__C)
                  00008864    00000004     release_pem4f.oem4f (.const:ti_sysbios_family_arm_lm4_Timer_numTimerDevices__C)
                  00008868    00000004     release_pem4f.oem4f (.const:ti_sysbios_family_arm_lm4_Timer_startupNeeded__C)
                  0000886c    00000004     release_pem4f.oem4f (.const:ti_sysbios_family_arm_m3_Hwi_E_alreadyDefined__C)
                  00008870    00000004     release_pem4f.oem4f (.const:ti_sysbios_family_arm_m3_Hwi_E_badIntNum__C)
                  00008874    00000004     release_pem4f.oem4f (.const:ti_sysbios_family_arm_m3_Hwi_NUM_INTERRUPTS__C)
                  00008878    00000004     release_pem4f.oem4f (.const:ti_sysbios_family_arm_m3_Hwi_Object__count__C)
                  0000887c    00000004     release_pem4f.oem4f (.const:ti_sysbios_family_arm_m3_Hwi_ccr__C)
                  00008880    00000004     release_pem4f.oem4f (.const:ti_sysbios_family_arm_m3_Hwi_excHandlerFunc__C)
                  00008884    00000004     release_pem4f.oem4f (.const:ti_sysbios_family_arm_m3_Hwi_nullIsrFunc__C)
                  00008888    00000004     release_pem4f.oem4f (.const:ti_sysbios_family_arm_m3_Hwi_priGroup__C)
                  0000888c    00000004     release_pem4f.oem4f (.const:ti_sysbios_family_arm_m3_TaskSupport_stackAlignment__C)
                  00008890    00000004     release_pem4f.oem4f (.const:ti_sysbios_gates_GateMutex_Instance_State_sem__O)
                  00008894    00000004     release_pem4f.oem4f (.const:ti_sysbios_heaps_HeapMem_E_memory__C)
                  00008898    00000004     release_pem4f.oem4f (.const:ti_sysbios_heaps_HeapMem_Module__gateObj__C)
                  0000889c    00000004     release_pem4f.oem4f (.const:ti_sysbios_heaps_HeapMem_Object__count__C)
                  000088a0    00000004     release_pem4f.oem4f (.const:ti_sysbios_heaps_HeapMem_primaryHeapBaseAddr__C)
                  000088a4    00000004     release_pem4f.oem4f (.const:ti_sysbios_heaps_HeapMem_primaryHeapEndAddr__C)
                  000088a8    00000004     release_pem4f.oem4f (.const:ti_sysbios_heaps_HeapMem_reqAlign__C)
                  000088ac    00000004     release_pem4f.oem4f (.const:ti_sysbios_knl_Clock_Module_State_clockQ__O)
                  000088b0    00000004     release_pem4f.oem4f (.const:ti_sysbios_knl_Mailbox_Instance_State_freeQue__O)
                  000088b4    00000004     release_pem4f.oem4f (.const:ti_sysbios_knl_Mailbox_Object__count__C)
                  000088b8    00000004     release_pem4f.oem4f (.const:ti_sysbios_knl_Mailbox_maxTypeAlign__C)
                  000088bc    00000004     release_pem4f.oem4f (.const:ti_sysbios_knl_Semaphore_Instance_State_pendQ__O)
                  000088c0    00000004     release_pem4f.oem4f (.const:ti_sysbios_knl_Swi_Object__count__C)
                  000088c4    00000004     release_pem4f.oem4f (.const:ti_sysbios_knl_Task_E_deleteNotAllowed__C)
                  000088c8    00000004     release_pem4f.oem4f (.const:ti_sysbios_knl_Task_Module_State_inactiveQ__O)
                  000088cc    00000004     release_pem4f.oem4f (.const:ti_sysbios_knl_Task_Module_State_terminatedQ__O)
                  000088d0    00000004     release_pem4f.oem4f (.const:ti_sysbios_knl_Task_Object__count__C)
                  000088d4    00000004     release_pem4f.oem4f (.const:ti_sysbios_knl_Task_Object__heap__C)
                  000088d8    00000004     release_pem4f.oem4f (.const:ti_sysbios_knl_Task_allBlockedFunc__C)
                  000088dc    00000004     release_pem4f.oem4f (.const:ti_sysbios_knl_Task_defaultStackHeap__C)
                  000088e0    00000004     release_pem4f.oem4f (.const:ti_sysbios_knl_Task_defaultStackSize__C)
                  000088e4    00000004     release_pem4f.oem4f (.const:ti_sysbios_knl_Task_numConstructedTasks__C)
                  000088e8    00000004     release_pem4f.oem4f (.const:xdc_runtime_Error_E_memory__C)
                  000088ec    00000004     release_pem4f.oem4f (.const:xdc_runtime_Error_policyFxn__C)
                  000088f0    00000004     release_pem4f.oem4f (.const:xdc_runtime_IGateProvider_Interface__BASE__C)
                  000088f4    00000004     release_pem4f.oem4f (.const:xdc_runtime_IHeap_Interface__BASE__C)
                  000088f8    00000004     release_pem4f.oem4f (.const:xdc_runtime_IModule_Interface__BASE__C)
                  000088fc    00000004     release_pem4f.oem4f (.const:xdc_runtime_Memory_defaultHeapInstance__C)
                  00008900    00000004     release_pem4f.oem4f (.const:xdc_runtime_Startup_execImpl__C)
                  00008904    00000004     release_pem4f.oem4f (.const:xdc_runtime_Startup_maxPasses__C)
                  00008908    00000004     release_pem4f.oem4f (.const:xdc_runtime_Startup_sfxnRts__C)
                  0000890c    00000004     release_pem4f.oem4f (.const:xdc_runtime_Startup_sfxnTab__C)
                  00008910    00000004     release_pem4f.oem4f (.const:xdc_runtime_SysCallback_abortFxn__C)
                  00008914    00000004     release_pem4f.oem4f (.const:xdc_runtime_SysCallback_exitFxn__C)
                  00008918    00000004     release_pem4f.oem4f (.const:xdc_runtime_System_Module__gateObj__C)
                  0000891c    00000004     release_pem4f.oem4f (.const:xdc_runtime_System_abortFxn__C)
                  00008920    00000004     release_pem4f.oem4f (.const:xdc_runtime_System_exitFxn__C)
                  00008924    00000004     release_pem4f.oem4f (.const:xdc_runtime_System_maxAtexitHandlers__C)
                  00008928    00000002     release_pem4f.oem4f (.const:xdc_runtime_Memory_Module__id__C)

.cinit     0    00008930    000002e8     
                  00008930    000002c1     (.cinit..data.load) [load image, compression = lzss]
                  00008bf1    00000003     --HOLE-- [fill = 0]
                  00008bf4    0000000c     (__TI_handler_table)
                  00008c00    00000008     (.cinit..bss.load) [load image, compression = zero_init]
                  00008c08    00000010     (__TI_cinit_table)

.init_array 
*          0    00000000    00000000     UNINITIALIZED

.bss       0    20020360    000029bc     UNINITIALIZED
                  20020360    0000233c     (.common:Glo)
                  2002269c    00000360     (.common:ti_sysbios_family_arm_m3_Hwi_dispatchTable)
                  200229fc    00000004     drivers_msp432e4.aem4f : GPIOMSP432E4.oem4f (.bss)
                  20022a00    00000200     release_pem4f.oem4f (.bss:taskStackSection)
                  20022c00    00000090     drivers_msp432e4.aem4f : GPIOMSP432E4.oem4f (.bss:gpioCallbackInfo)
                  20022c90    00000064     (.common:uartMSP432E4Objects)
                  20022cf4    00000020     ti_drivers_config.obj (.bss:uartMSP432E4RingBuffer0)
                  20022d14    00000008     (.common:ti_sysbios_knl_Task_Instance_State_0_hookEnv__A)

.data      0    20022d1c    0000066c     UNINITIALIZED
                  20022d1c    0000016c     drivers_msp432e4.aem4f : PowerMSP432E4.oem4f (.data:PowerMSP432E4_module)
                  20022e88    0000008c     sysbios.aem4f : BIOS.obj (.data:$O1$$)
                  20022f14    00000080     release_pem4f.oem4f (.data:ti_sysbios_knl_Swi_Module_State_0_readyQ__A)
                  20022f94    00000080     release_pem4f.oem4f (.data:ti_sysbios_knl_Task_Module_State_0_readyQ__A)
                  20023014    00000054     release_pem4f.oem4f (.data:ti_sysbios_gates_GateMutex_Object__table__V)
                  20023068    0000004c     release_pem4f.oem4f (.data:ti_sysbios_knl_Task_Object__table__V)
                  200230b4    00000044     release_pem4f.oem4f (.data:ti_sysbios_knl_Task_Module__state__V)
                  200230f8    00000040     release_pem4f.oem4f (.data:ti_sysbios_family_arm_lm4_Timer_Module_State_0_device__A)
                  20023138    00000040     release_pem4f.oem4f (.data:ti_sysbios_family_arm_lm4_Timer_Object__table__V)
                  20023178    00000034     release_pem4f.oem4f (.data:ti_sysbios_family_arm_m3_Hwi_Module__state__V)
                  200231ac    00000030     release_pem4f.oem4f (.data:ti_sysbios_knl_Swi_Object__table__V)
                  200231dc    0000002c     release_pem4f.oem4f (.data:ti_sysbios_knl_Clock_Module__state__V)
                  20023208    00000024     release_pem4f.oem4f (.data:ti_sysbios_BIOS_Module__state__V)
                  2002322c    00000020     ti_drivers_config.obj (.data:gpioCallbackFunctions)
                  2002324c    00000020     ti_drivers_config.obj (.data:gpioPinConfigs)
                  2002326c    00000020     release_pem4f.oem4f (.data:ti_sysbios_family_arm_lm4_Timer_Module_State_0_handles__A)
                  2002328c    00000020     release_pem4f.oem4f (.data:xdc_runtime_Error_IgnoreBlock)
                  200232ac    0000001c     release_pem4f.oem4f (.data:ti_sysbios_knl_Swi_Module__state__V)
                  200232c8    00000018     release_pem4f.oem4f (.data:ti_sysbios_family_arm_m3_Hwi_Object__table__V)
                  200232e0    00000018     release_pem4f.oem4f (.data:ti_sysbios_heaps_HeapMem_Object__table__V)
                  200232f8    0000000c     release_pem4f.oem4f (.data:ti_sysbios_family_arm_lm4_Timer_Module__state__V)
                  20023304    00000008     rtsv7M4_T_le_v4SPD16_eabi.lib : _lock.c.obj (.data:$O1$$)
                  2002330c    00000008     release_pem4f.oem4f (.data:ti_sysbios_family_arm_m3_Hwi_Module__root__V)
                  20023314    00000008     release_pem4f.oem4f (.data:ti_sysbios_gates_GateHwi_Module__root__V)
                  2002331c    00000008     release_pem4f.oem4f (.data:ti_sysbios_gates_GateMutex_Module__root__V)
                  20023324    00000008     release_pem4f.oem4f (.data:ti_sysbios_heaps_HeapMem_Module__root__V)
                  2002332c    00000008     release_pem4f.oem4f (.data:ti_sysbios_knl_Clock_Module__root__V)
                  20023334    00000008     release_pem4f.oem4f (.data:ti_sysbios_knl_Queue_Module__root__V)
                  2002333c    00000008     release_pem4f.oem4f (.data:ti_sysbios_knl_Semaphore_Module__root__V)
                  20023344    00000008     release_pem4f.oem4f (.data:ti_sysbios_knl_Task_Module__root__V)
                  2002334c    00000008     release_pem4f.oem4f (.data:xdc_runtime_Startup_Module__state__V)
                  20023354    00000008     release_pem4f.oem4f (.data:xdc_runtime_System_Module_State_0_atexitHandlers__A)
                  2002335c    00000008     release_pem4f.oem4f (.data:xdc_runtime_System_Module__state__V)
                  20023364    00000005     drivers_msp432e4.aem4f : GPIOMSP432E4.oem4f (.data)
                  20023369    00000001                            : UART.oem4f (.data)
                  2002336a    00000002     release_pem4f.oem4f (.data:ti_sysbios_family_arm_m3_Hwi_Module_State_0_excActive__A)
                  2002336c    00000004     rtsv7M4_T_le_v4SPD16_eabi.lib : stkdepth_vars.c.obj (.data)
                  20023370    00000004     release_pem4f.oem4f (.data:ti_sysbios_family_arm_m3_Hwi_Module_State_0_excContext__A)
                  20023374    00000004     release_pem4f.oem4f (.data:ti_sysbios_family_arm_m3_Hwi_Module_State_0_excStack__A)
                  20023378    00000004     release_pem4f.oem4f (.data:ti_sysbios_gates_GateHwi_Object__table__V)
                  2002337c    00000004     release_pem4f.oem4f (.data:ti_sysbios_knl_Task_Module_State_0_idleTask__A)
                  20023380    00000004     release_pem4f.oem4f (.data:ti_sysbios_rts_ti_ReentSupport_Module__state__V)
                  20023384    00000004     release_pem4f.oem4f (.data:xdc_runtime_Memory_Module__state__V)

.priheap   0    20000360    00020000     UNINITIALIZED
                  20000360    00020000     --HOLE--

.stack     0    2003fc00    00000400     UNINITIALIZED
                  2003fc00    00000400     --HOLE--

.bootVecs 
*          0    00000000    00000008     DSECT
                  00000000    00000008     boot.aem4f : boot.oem4f (.bootVecs)

.resetVecs 
*          0    00000000    0000003c     
                  00000000    0000003c     release_pem4f.oem4f (.resetVecs)

.vecs      0    20000000    00000360     NOLOAD SECTION
                  20000000    00000360     release_pem4f.oem4f (.vecs)

xdc.meta   0    00000000    00000107     COPY SECTION
                  00000000    00000107     release_pem4f.oem4f (xdc.meta)

xdc.noload 
*          0    00000000    00000000     COPY SECTION

__llvm_prf_cnts 
*          0    20000000    00000000     UNINITIALIZED

.binit     0    00000000    00000000     

MODULE SUMMARY

       Module                       code    ro data   rw data
       ------                       ----    -------   -------
    .\
       library.obj                  4468    0         9020   
       mainThread.obj               992     13        0      
       main.obj                     110     0         0      
    +--+----------------------------+-------+---------+---------+
       Total:                       5570    13        9020   
                                                             
    .\syscfg\
       ti_drivers_config.obj        50      94        196    
    +--+----------------------------+-------+---------+---------+
       Total:                       50      94        196    
                                                             
    C:\Users\sfous\EmbeddedSystemsProject\tirtos_builds_MSP_EXP432E401Y_release_ccs\Debug\configPkg\package\cfg\
       release_pem4f.oem4f          1598    1081      3306   
    +--+----------------------------+-------+---------+---------+
       Total:                       1598    1081      3306   
                                                             
    C:/ti/simplelink_msp432e4_sdk_4_20_00_12/kernel/tirtos/packages/ti/dpl/lib/dpl_msp432e4.aem4f
       ClockP_tirtos.oem4f          102     0         0      
       HwiP_tirtos.oem4f            96      0         0      
       SemaphoreP_tirtos.oem4f      78      0         0      
       PowerMSP432E4_tirtos.oem4f   16      0         0      
    +--+----------------------------+-------+---------+---------+
       Total:                       292     0         0      
                                                             
    C:/ti/simplelink_msp432e4_sdk_4_20_00_12/source/ti/devices/msp432e4/driverlib/lib/ccs/m4f/msp432e4_driverlib.a
       gpio.o                       1040    72        0      
       uart.o                       588     0         0      
       sysctl.o                     564     0         0      
    +--+----------------------------+-------+---------+---------+
       Total:                       2192    72        0      
                                                             
    C:/ti/simplelink_msp432e4_sdk_4_20_00_12/source/ti/drivers/lib/drivers_msp432e4.aem4f
       UARTMSP432E4.oem4f           2914    116       0      
       GPIOMSP432E4.oem4f           1084    196       153    
       PowerMSP432E4.oem4f          336     0         364    
       UART.oem4f                   176     36        1      
       RingBuf.oem4f                198     0         0      
    +--+----------------------------+-------+---------+---------+
       Total:                       4708    348       518    
                                                             
    C:\Users\sfous\EmbeddedSystemsProject\tirtos_builds_MSP_EXP432E401Y_release_ccs\src\sysbios\sysbios.aem4f
       BIOS.obj                     9146    528       140    
       m3_Hwi_asm.obj               318     0         0      
       m3_TaskSupport_asm.obj       180     0         0      
       m3_Hwi_asm_switch.obj        118     0         0      
    +--+----------------------------+-------+---------+---------+
       Total:                       9762    528       140    
                                                             
    C:\ti\ccs1240\ccs\tools\compiler\ti-cgt-arm_20.2.7.LTS\lib\rtsv7M4_T_le_v4SPD16_eabi.lib
       _printfi.c.obj               4851    0         0      
       fd_add_t2.asm.obj            438     0         0      
       fd_div_t2.asm.obj            310     0         0      
       strtol.c.obj                 304     0         0      
       s_scalbn.c.obj               272     0         0      
       fd_cmp_t2.asm.obj            268     0         0      
       ctype.c.obj                  0       257       0      
       fd_mul_t2.asm.obj            252     0         0      
       memcpy_t2.asm.obj            156     0         0      
       ull_div_t2.asm.obj           150     0         0      
       memset_t2.asm.obj            122     0         0      
       copy_decompress_lzss.c.obj   104     0         0      
       s_frexp.c.obj                100     0         0      
       sprintf.c.obj                98      0         0      
       _ltoa.c.obj                  84      0         0      
       atoi.c.obj                   76      0         0      
       cpy_tbl.c.obj                76      0         0      
       fd_toi_t2.asm.obj            72      0         0      
       strncpy.c.obj                54      0         0      
       i_tofd_t2.asm.obj            46      0         0      
       _lock.c.obj                  26      0         8      
       memccpy.c.obj                28      0         0      
       s_copysign.c.obj             26      0         0      
       args_main.c.obj              24      0         0      
       strcmp.c.obj                 24      0         0      
       strchr.c.obj                 22      0         0      
       strlen.c.obj                 20      0         0      
       wcslen.c.obj                 18      0         0      
       copy_decompress_none.c.obj   14      0         0      
       copy_zero_init.c.obj         12      0         0      
       stkdepth_vars.c.obj          0       0         4      
       div0.asm.obj                 2       0         0      
    +--+----------------------------+-------+---------+---------+
       Total:                       8049    257       12     
                                                             
    C:\ti\simplelink_msp432e4_sdk_4_20_00_12\kernel\tirtos\packages\ti\targets\arm\rtsarm\lib\auto_init.aem4f
       auto_init.oem4f              160     0         0      
    +--+----------------------------+-------+---------+---------+
       Total:                       160     0         0      
                                                             
    C:\ti\simplelink_msp432e4_sdk_4_20_00_12\kernel\tirtos\packages\ti\targets\arm\rtsarm\lib\boot.aem4f
       boot.oem4f                   88      0         0      
    +--+----------------------------+-------+---------+---------+
       Total:                       88      0         0      
                                                             
       Stack:                       0       0         1024   
       Linker Generated:            0       741       0      
    +--+----------------------------+-------+---------+---------+
       Grand Total:                 32469   3134      14216  


LINKER GENERATED COPY TABLES

__TI_cinit_table @ 00008c08 records: 2, size/record: 8, table size: 16
	.data: load addr=00008930, load size=000002c1 bytes, run addr=20022d1c, run size=0000066c bytes, compression=lzss
	.bss: load addr=00008c00, load size=00000008 bytes, run addr=20020360, run size=000029bc bytes, compression=zero_init


LINKER GENERATED HANDLER TABLE

__TI_handler_table @ 00008bf4 records: 3, size/record: 4, table size: 12
	index: 0, handler: __TI_decompress_lzss
	index: 1, handler: __TI_decompress_none
	index: 2, handler: __TI_zero_init


GLOBAL SYMBOLS: SORTED ALPHABETICALLY BY Name 

address   name                                                            
-------   ----                                                            
00006e65  Board_init                                                      
00000a8f  Board_initHook                                                  
00008810  CONFIG_GPIO_0_CONST                                             
00008811  CONFIG_GPIO_1_CONST                                             
00008812  CONFIG_GPIO_2_CONST                                             
00008813  CONFIG_GPIO_3_CONST                                             
00008814  CONFIG_GPIO_4_CONST                                             
00008815  CONFIG_GPIO_5_CONST                                             
00008816  CONFIG_GPIO_6_CONST                                             
00008817  CONFIG_GPIO_7_CONST                                             
00008818  CONFIG_UART_0_CONST                                             
00007ef5  ClockP_Params_init                                              
00006865  ClockP_create                                                   
00007e07  ClockP_delete                                                   
000028fd  ClockP_getCpuFreq                                               
00003fc5  ClockP_setTimeout                                               
00004085  ClockP_start                                                    
0000435b  ClockP_stop                                                     
00005999  GPIODirModeSet                                                  
00007b1b  GPIOIntClear                                                    
000075bd  GPIOIntStatus                                                   
000044bd  GPIOIntTypeSet                                                  
00008790  GPIOMSP432E4_config                                             
00007b31  GPIOMSP432E4_getGpioBaseAddr                                    
00007b45  GPIOMSP432E4_getPowerResourceId                                 
00006e95  GPIOMSP432E4_undoPinConfig                                      
00001df5  GPIOPadConfigSet                                                
000065f1  GPIOPinConfigure                                                
0000793f  GPIOPinRead                                                     
00007397  GPIOPinTypeUART                                                 
00007603  GPIOPinWrite                                                    
0000546d  GPIO_hwiIntFxn                                                  
00004411  GPIO_init                                                       
00006ec5  GPIO_read                                                       
00005b6d  GPIO_setCallback                                                
00002779  GPIO_setConfig                                                  
00005f1d  GPIO_toggle                                                     
00005d21  GPIO_write                                                      
20020360  Glo                                                             
00020000  HEAPSIZE                                                        
00007ca9  HwiP_Params_init                                                
000068a5  HwiP_create                                                     
00007e13  HwiP_delete                                                     
00004743  HwiP_disable                                                    
00007f79  HwiP_restore                                                    
00007eff  NDK_hookInit                                                    
0000881c  PowerMSP432E4_config                                            
20022d1c  PowerMSP432E4_module                                            
00007cb9  PowerMSP432E4_sleepPolicy                                       
00007959  Power_idleFunc                                                  
00005679  Power_init                                                      
00005391  Power_releaseDependency                                         
000054d5  Power_setDependency                                             
00007bfd  RingBuf_construct                                               
000068e5  RingBuf_get                                                     
00007db9  RingBuf_isFull                                                  
00007623  RingBuf_peek                                                    
000065a9  RingBuf_put                                                     
UNDEFED   SHT$$INIT_ARRAY$$Base                                           
UNDEFED   SHT$$INIT_ARRAY$$Limit                                          
00007199  SemaphoreP_createBinary                                         
00007e1f  SemaphoreP_delete                                               
00007c0f  SemaphoreP_pend                                                 
00004a43  SemaphoreP_post                                                 
000071c5  SysCtlPeripheralClockGating                                     
00006925  SysCtlPeripheralDisable                                         
00006965  SysCtlPeripheralEnable                                          
000069a5  SysCtlPeripheralPowerOff                                        
000069e5  SysCtlPeripheralPowerOn                                         
00006635  SysCtlPeripheralPresent                                         
00006679  SysCtlPeripheralReady                                           
00006a25  SysCtlPeripheralSleepDisable                                    
00006a65  SysCtlPeripheralSleepEnable                                     
00007749  UARTBusy                                                        
00007ad9  UARTCharGet                                                     
000077df  UARTCharGetNonBlocking                                          
00007767  UARTCharPut                                                     
000073bb  UARTCharPutNonBlocking                                          
00007785  UARTCharsAvail                                                  
000051bf  UARTConfigSetExpClk                                             
00006ef5  UARTDisable                                                     
000073df  UARTEnable                                                      
00007971  UARTFIFOLevelSet                                                
000077fb  UARTFlowControlSet                                              
00007c21  UARTIntClear                                                    
00007989  UARTIntDisable                                                  
000079a1  UARTIntEnable                                                   
000077a3  UARTIntStatus                                                   
00003e49  UARTMSP432E4_close                                              
00004add  UARTMSP432E4_control                                            
000084c0  UARTMSP432E4_fxnTable                                           
00000fa7  UARTMSP432E4_init                                               
00001389  UARTMSP432E4_open                                               
00006aa5  UARTMSP432E4_read                                               
00006d59  UARTMSP432E4_readCancel                                         
000046a5  UARTMSP432E4_readPolling                                        
00004881  UARTMSP432E4_write                                              
0000631d  UARTMSP432E4_writeCancel                                        
000060b1  UARTMSP432E4_writePolling                                       
00007cc9  UARTRxErrorClear                                                
00007c33  UARTRxErrorGet                                                  
00007817  UARTTxIntModeSet                                                
000079b9  UART_Params_init                                                
000087f8  UART_config                                                     
00008819  UART_count                                                      
00008510  UART_defaultParams                                              
000066bd  UART_init                                                       
[...]
00007bc1  ti_sysbios_knl_Swi_Object__get__S                               
00007bd5  ti_sysbios_knl_Task_Object__first__S                            
00007be9  ti_sysbios_knl_Task_Object__next__S                             
00007bfd  RingBuf_construct                                               
00007c0f  SemaphoreP_pend                                                 
00007c21  UARTIntClear                                                    
00007c33  UARTRxErrorGet                                                  
00007c61  ti_sysbios_hal_Hwi_Module_startup__E                            
00007c73  wcslen                                                          
00007c85  xdc_runtime_Startup_exec__I                                     
00007c99  ti_sysbios_family_arm_msp432e4_init_Boot_init__I                
00007c99  xdc_runtime_Startup_reset__I                                    
00007ca9  HwiP_Params_init                                                
00007cb9  PowerMSP432E4_sleepPolicy                                       
00007cc9  UARTRxErrorClear                                                
00007ce9  ti_sysbios_BIOS_getCpuFreq__E                                   
00007cf9  ti_sysbios_BIOS_setThreadType__E                                
00007d09  ti_sysbios_BIOS_start__E                                        
00007d19  ti_sysbios_family_arm_m3_TaskSupport_glue                       
00007d29  ti_sysbios_gates_GateMutex_Instance_finalize__E                 
00007d39  ti_sysbios_knl_Mailbox_Object__get__S                           
00007d49  ti_sysbios_knl_Semaphore_Instance_finalize__E                   
00007d59  ti_sysbios_knl_Swi_disable__E                                   
00007d69  ti_sysbios_knl_Task_Object__get__S                              
00007d79  ti_sysbios_knl_Task_disable__E                                  
00007d89  xdc_runtime_Memory_free__E                                      
00007d99  xdc_runtime_SysCallback_abort__E                                
00007d99  xdc_runtime_System_SupportProxy_abort__E                        
00007da9  xdc_runtime_SysCallback_exit__E                                 
00007da9  xdc_runtime_System_SupportProxy_exit__E                         
00007db9  RingBuf_isFull                                                  
00007dc7  __TI_decompress_none                                            
00007dd9  pthread_attr_setdetachstate                                     
00007de9  ti_sysbios_knl_Idle_loop__E                                     
00007df9  ti_sysbios_knl_Queue_empty__E                                   
00007e07  ClockP_delete                                                   
00007e13  HwiP_delete                                                     
00007e1f  SemaphoreP_delete                                               
00007e2d  _register_lock                                                  
00007e39  _register_unlock                                                
00007e45  __TI_zero_init                                                  
00007e51  ti_sysbios_family_arm_lm4_Timer_getMaxTicks__E                  
00007e5d  ti_sysbios_family_arm_m3_Hwi_Params__init__S                    
00007e5d  ti_sysbios_hal_Hwi_HwiProxy_Params__init__S                     
00007e69  ti_sysbios_family_arm_m3_Hwi_disableFxn__E                      
00007e69  ti_sysbios_hal_Hwi_HwiProxy_disable__E                          
00007e79  ti_sysbios_family_arm_m3_TaskSupport_getStackAlignment__E       
00007e79  ti_sysbios_knl_Task_SupportProxy_getStackAlignment__E           
00007e89  ti_sysbios_gates_GateHwi_enter__E                               
00007e95  ti_sysbios_knl_Clock_Params__init__S                            
00007ea1  ti_sysbios_knl_Queue_Object__get__S                             
00007ead  ti_sysbios_knl_Semaphore_Params__init__S                        
00007eb9  ti_sysbios_knl_Task_Params__init__S                             
00007ec9  ti_sysbios_knl_Task_self__E                                     
00007ed9  ti_sysbios_rts_ti_ReentSupport_taskRegHook__I                   
00007ee9  xdc_runtime_Startup_rtsDone__E                                  
00007ef5  ClockP_Params_init                                              
00007eff  NDK_hookInit                                                    
00007f09  UART_read                                                       
00007f13  UART_write                                                      
00007f27  xdc_runtime_Memory_HeapProxy_alloc__E                           
00007f31  xdc_runtime_Memory_HeapProxy_free__E                            
00007f41  pthread_attr_setstacksize                                       
00007f51  ti_sysbios_family_arm_lm4_Timer_masterDisable__I                
00007f59  ti_sysbios_family_arm_m3_Hwi_doSwiRestore__I                    
00007f61  ti_sysbios_family_arm_m3_Hwi_startup__E                         
00007f61  ti_sysbios_hal_Hwi_HwiProxy_startup__E                          
00007f61  ti_sysbios_hal_Hwi_startup__E                                   
00007f71  ti_sysbios_family_arm_m3_Hwi_doTaskRestore__I                   
00007f79  HwiP_restore                                                    
00007f79  ti_sysbios_family_arm_m3_Hwi_restoreFxn__E                      
00007f79  ti_sysbios_hal_Hwi_HwiProxy_restore__E                          
00007f81  ti_sysbios_gates_GateHwi_leave__E                               
00007f89  ti_sysbios_heaps_HeapMem_isBlocking__E                          
00007f91  ti_sysbios_knl_Clock_stop__E                                    
00007f99  ti_sysbios_knl_Queue_Instance_init__E                           
00007fa1  ti_sysbios_knl_Swi_startup__E                                   
00007fa9  xdc_runtime_System_Module_startup__E                            
00007fb1  __aeabi_errno_addr                                              
00007fb9  ti_sysbios_gates_GateHwi_query__E                               
00007fb9  xdc_runtime_Main_Module_GateProxy_query__E                      
00007fb9  xdc_runtime_System_Module_GateProxy_query__E                    
00007fc1  ti_sysbios_BIOS_RtsGateProxy_query__E                           
00007fc1  ti_sysbios_gates_GateMutex_query__E                             
00007fc1  ti_sysbios_heaps_HeapMem_Module_GateProxy_query__E              
00007fc9  ti_sysbios_knl_Clock_setTimeout__E                              
00007fd1  ti_sysbios_knl_Task_startup__E                                  
00007fd9  ti_sysbios_BIOS_linkedWithIncorrectBootLibrary__E               
00007fe1  ti_sysbios_gates_GateHwi_Instance_init__E                       
00007fe9  ti_sysbios_knl_Clock_logTick__E                                 
00007ff1  xdc_runtime_SysCallback_defaultAbort                            
00007ff9  xdc_runtime_SysCallback_defaultExit                             
00008001  xdc_runtime_System_abortSpin__E                                 
00008009  xdc_runtime_System_exitSpin__E                                  
0000821c  _ctypes_                                                        
000083f8  ti_sysbios_knl_Task_Object__PARAMS__C                           
00008434  ti_sysbios_family_arm_m3_Hwi_Object__PARAMS__C                  
00008464  ti_sysbios_knl_Task_hooks__A                                    
000084c0  UARTMSP432E4_fxnTable                                           
000084e8  ti_sysbios_heaps_HeapMem_Module__FXNS__C                        
00008510  UART_defaultParams                                              
00008534  ti_sysbios_gates_GateHwi_Module__FXNS__C                        
00008558  ti_sysbios_gates_GateMutex_Module__FXNS__C                      
0000857c  ti_sysbios_heaps_HeapMem_Object__PARAMS__C                      
000085a0  ti_sysbios_knl_Clock_Object__PARAMS__C                          
000085c4  ti_sysbios_knl_Semaphore_Object__PARAMS__C                      
00008628  ti_sysbios_family_arm_m3_Hwi_Object__DESC__C                    
00008648  ti_sysbios_gates_GateHwi_Object__DESC__C                        
00008668  ti_sysbios_gates_GateMutex_Object__DESC__C                      
00008688  ti_sysbios_heaps_HeapMem_Object__DESC__C                        
000086a8  ti_sysbios_knl_Clock_Object__DESC__C                            
000086c8  ti_sysbios_knl_Queue_Object__DESC__C                            
000086e8  ti_sysbios_knl_Semaphore_Object__DESC__C                        
00008708  ti_sysbios_knl_Task_Object__DESC__C                             
00008728  xdc_runtime_Startup_sfxnTab__A                                  
00008748  ti_sysbios_gates_GateHwi_Object__PARAMS__C                      
00008760  ti_sysbios_gates_GateMutex_Object__PARAMS__C                    
00008778  ti_sysbios_knl_Queue_Object__PARAMS__C                          
00008790  GPIOMSP432E4_config                                             
000087c8  xdc_runtime_Startup_firstFxns__A                                
000087d8  xdc_runtime_Startup_sfxnRts__A                                  
000087f5  xdc_runtime_Error_policy__C                                     
000087f6  ti_sysbios_family_arm_m3_Hwi_Module__id__C                      
000087f8  UART_config                                                     
00008804  ti_sysbios_knl_Idle_funcList__A                                 
00008810  CONFIG_GPIO_0_CONST                                             
00008811  CONFIG_GPIO_1_CONST                                             
00008812  CONFIG_GPIO_2_CONST                                             
00008813  CONFIG_GPIO_3_CONST                                             
00008814  CONFIG_GPIO_4_CONST                                             
00008815  CONFIG_GPIO_5_CONST                                             
00008816  CONFIG_GPIO_6_CONST                                             
00008817  CONFIG_GPIO_7_CONST                                             
00008818  CONFIG_UART_0_CONST                                             
00008819  UART_count                                                      
0000881a  ti_sysbios_heaps_HeapMem_Module__id__C                          
0000881c  PowerMSP432E4_config                                            
0000882c  ti_sysbios_knl_Idle_funcList__C                                 
00008834  ti_sysbios_knl_Task_hooks__C                                    
0000883c  xdc_runtime_Startup_firstFxns__C                                
00008844  xdc_runtime_Startup_lastFxns__C                                 
0000885e  ti_sysbios_knl_Task_Module__id__C                               
00008860  ti_sysbios_family_arm_lm4_Timer_enableFunc__C                   
00008864  ti_sysbios_family_arm_lm4_Timer_numTimerDevices__C              
00008868  ti_sysbios_family_arm_lm4_Timer_startupNeeded__C                
0000886c  ti_sysbios_family_arm_m3_Hwi_E_alreadyDefined__C                
00008870  ti_sysbios_family_arm_m3_Hwi_E_badIntNum__C                     
00008874  ti_sysbios_family_arm_m3_Hwi_NUM_INTERRUPTS__C                  
00008878  ti_sysbios_family_arm_m3_Hwi_Object__count__C                   
0000887c  ti_sysbios_family_arm_m3_Hwi_ccr__C                             
00008880  ti_sysbios_family_arm_m3_Hwi_excHandlerFunc__C                  
00008884  ti_sysbios_family_arm_m3_Hwi_nullIsrFunc__C                     
00008888  ti_sysbios_family_arm_m3_Hwi_priGroup__C                        
0000888c  ti_sysbios_family_arm_m3_TaskSupport_stackAlignment__C          
00008890  ti_sysbios_gates_GateMutex_Instance_State_sem__O                
00008894  ti_sysbios_heaps_HeapMem_E_memory__C                            
00008898  ti_sysbios_heaps_HeapMem_Module__gateObj__C                     
0000889c  ti_sysbios_heaps_HeapMem_Object__count__C                       
000088a0  ti_sysbios_heaps_HeapMem_primaryHeapBaseAddr__C                 
000088a4  ti_sysbios_heaps_HeapMem_primaryHeapEndAddr__C                  
000088a8  ti_sysbios_heaps_HeapMem_reqAlign__C                            
000088ac  ti_sysbios_knl_Clock_Module_State_clockQ__O                     
000088b0  ti_sysbios_knl_Mailbox_Instance_State_freeQue__O                
000088b4  ti_sysbios_knl_Mailbox_Object__count__C                         
000088b8  ti_sysbios_knl_Mailbox_maxTypeAlign__C                          
000088bc  ti_sysbios_knl_Semaphore_Instance_State_pendQ__O                
000088c0  ti_sysbios_knl_Swi_Object__count__C                             
000088c4  ti_sysbios_knl_Task_E_deleteNotAllowed__C                       
000088c8  ti_sysbios_knl_Task_Module_State_inactiveQ__O                   
000088cc  ti_sysbios_knl_Task_Module_State_terminatedQ__O                 
000088d0  ti_sysbios_knl_Task_Object__count__C                            
000088d4  ti_sysbios_knl_Task_Object__heap__C                             
000088d8  ti_sysbios_knl_Task_allBlockedFunc__C                           
000088dc  ti_sysbios_knl_Task_defaultStackHeap__C                         
000088e0  ti_sysbios_knl_Task_defaultStackSize__C                         
000088e4  ti_sysbios_knl_Task_numConstructedTasks__C                      
000088e8  xdc_runtime_Error_E_memory__C                                   
000088ec  xdc_runtime_Error_policyFxn__C                                  
000088f0  xdc_runtime_IGateProvider_Interface__BASE__C                    
000088f4  xdc_runtime_IHeap_Interface__BASE__C                            
000088f8  xdc_runtime_IModule_Interface__BASE__C                          
000088fc  xdc_runtime_Memory_defaultHeapInstance__C                       
00008900  xdc_runtime_Startup_execImpl__C                                 
00008904  xdc_runtime_Startup_maxPasses__C                                
00008908  xdc_runtime_Startup_sfxnRts__C                                  
0000890c  xdc_runtime_Startup_sfxnTab__C                                  
00008910  xdc_runtime_SysCallback_abortFxn__C                             
00008914  xdc_runtime_SysCallback_exitFxn__C                              
00008918  xdc_runtime_System_Module__gateObj__C                           
0000891c  xdc_runtime_System_abortFxn__C                                  
00008920  xdc_runtime_System_exitFxn__C                                   
00008924  xdc_runtime_System_maxAtexitHandlers__C                         
00008928  xdc_runtime_Memory_Module__id__C                                
00008930  __TI_static_base__                                              
00008bf4  __TI_Handler_Table_Base                                         
00008c00  __TI_Handler_Table_Limit                                        
00008c08  __TI_CINIT_Base                                                 
00008c18  __TI_CINIT_Limit                                                
00020000  HEAPSIZE                                                        
20000000  __start___llvm_prf_cnts                                         
20000000  __stop___llvm_prf_cnts                                          
20000000  ti_sysbios_family_arm_m3_Hwi_ramVectors                         
20000360  __primary_heap_start__                                          
20020360  Glo                                                             
20020360  __primary_heap_end__                                            
2002269c  ti_sysbios_family_arm_m3_Hwi_dispatchTable                      
20022a00  ti_sysbios_knl_Task_Instance_State_0_stack__A                   
20022c90  uartMSP432E4Objects                                             
20022d14  ti_sysbios_knl_Task_Instance_State_0_hookEnv__A                 
20022d1c  PowerMSP432E4_module                                            
20022f14  ti_sysbios_knl_Swi_Module_State_0_readyQ__A                     
20022f94  ti_sysbios_knl_Task_Module_State_0_readyQ__A                    
20023014  ti_sysbios_gates_GateMutex_Object__table__V                     
20023068  ti_sysbios_knl_Task_Object__table__V                            
200230b4  ti_sysbios_knl_Task_Module__state__V                            
200230f8  ti_sysbios_family_arm_lm4_Timer_Module_State_0_device__A        
20023138  ti_sysbios_family_arm_lm4_Timer_Object__table__V                
20023178  ti_sysbios_family_arm_m3_Hwi_Module__state__V                   
200231ac  ti_sysbios_knl_Swi_Object__table__V                             
200231dc  ti_sysbios_knl_Clock_Module__state__V                           
20023208  ti_sysbios_BIOS_Module__state__V                                
2002322c  gpioCallbackFunctions                                           
2002324c  gpioPinConfigs                                                  
2002326c  ti_sysbios_family_arm_lm4_Timer_Module_State_0_handles__A       
2002328c  xdc_runtime_Error_IgnoreBlock                                   
200232ac  ti_sysbios_knl_Swi_Module__state__V                             
200232c8  ti_sysbios_family_arm_m3_Hwi_Object__table__V                   
200232e0  ti_sysbios_heaps_HeapMem_Object__table__V                       
200232f8  ti_sysbios_family_arm_lm4_Timer_Module__state__V                
20023304  _lock                                                           
20023308  _unlock                                                         
2002330c  ti_sysbios_family_arm_m3_Hwi_Module__root__V                    
20023314  ti_sysbios_gates_GateHwi_Module__root__V                        
2002331c  ti_sysbios_gates_GateMutex_Module__root__V                      
20023324  ti_sysbios_heaps_HeapMem_Module__root__V                        
2002332c  ti_sysbios_knl_Clock_Module__root__V                            
20023334  ti_sysbios_knl_Queue_Module__root__V                            
2002333c  ti_sysbios_knl_Semaphore_Module__root__V                        
20023344  ti_sysbios_knl_Task_Module__root__V                             
2002334c  xdc_runtime_Startup_Module__state__V                            
20023354  xdc_runtime_System_Module_State_0_atexitHandlers__A             
2002335c  xdc_runtime_System_Module__state__V                             
2002336a  ti_sysbios_family_arm_m3_Hwi_Module_State_0_excActive__A        
2002336c  main_func_sp                                                    
20023370  ti_sysbios_family_arm_m3_Hwi_Module_State_0_excContext__A       
20023374  ti_sysbios_family_arm_m3_Hwi_Module_State_0_excStack__A         
20023378  ti_sysbios_gates_GateHwi_Object__table__V                       
2002337c  ti_sysbios_knl_Task_Module_State_0_idleTask__A                  
20023380  ti_sysbios_rts_ti_ReentSupport_Module__state__V                 
20023384  xdc_runtime_Memory_Module__state__V                             
2003fc00  __stack                                                         
20040000  __STACK_END                                                     
e000e000  ti_sysbios_family_arm_m3_Hwi_nvic                               
ffffffff  __TI_pprof_out_hndl                                             
ffffffff  __TI_prof_data_size                                             
ffffffff  __TI_prof_data_start                                            
ffffffff  __binit__                                                       
ffffffff  __c_args__                                                      
ffffffff  binit                                                           
UNDEFED   SHT$$INIT_ARRAY$$Base                                           
UNDEFED   SHT$$INIT_ARRAY$$Limit                                          
UNDEFED   gateSwi0                                                        
UNDEFED   semaphore0                                                      
UNDEFED   swi0                                                            
UNDEFED   task0                                                           
UNDEFED   task1                                                           

[580 symbols]
